C51 COMPILER V9.54   OLED                                                                  12/11/2017 20:18:14 PAGE 1   


C51 COMPILER V9.54, COMPILATION OF MODULE OLED
OBJECT MODULE PLACED IN .\Objects\oled.obj
COMPILER INVOKED BY: D:\MDK\C51\BIN\C51.EXE oled.c LARGE OPTIMIZE(8,SPEED) BROWSE DEBUG OBJECTEXTEND PRINT(.\Listings\ol
                    -ed.lst) TABS(2) OBJECT(.\Objects\oled.obj)

line level    source

   1          //////////////////////////////////////////////////////////////////////////////////
   2          //本程序只供学习使用，未经作者许可，不得用于其它任何用途
   3          //
   4          //  文 件 名   : main.c
   5          //  版 本 号   : v2.0
   6          //  作    者   : HuangKai
   7          //  生成日期   : 2014-0101
   8          //  最近修改   :
   9          //  功能描述   : OLED 4接口演示例程(51系列)
  10          //              说明:
  11          //              ----------------------------------------------------------------
  12          //              GND    电源地
  13          //              VCC  接5V或3.3v电源
  14          //              D0   P1^0（SCL）
  15          //              D1   P1^1（SDA）
  16          //              RES  接P12
  17          //              DC   接P13
  18          //              CS   接P14
  19          //              ----------------------------------------------------------------
  20          // 修改历史   :
  21          // 日    期   :
  22          // 作    者   : HuangKai
  23          // 修改内容   : 创建文件
  24          //版权所有，盗版必究。
  25          //Copyright(C) 中景园电子2014/3/16
  26          //All rights reserved
  27          //******************************************************************************/。
  28          #include "oled.h"
  29          //#include "stdlib.h"
  30          #include "oledfont.h"
  31          //#include "delay.h"
  32          //OLED的显存
  33          //存放格式如下.
  34          //[0]0 1 2 3 ... 127
  35          //[1]0 1 2 3 ... 127
  36          //[2]0 1 2 3 ... 127
  37          //[3]0 1 2 3 ... 127
  38          //[4]0 1 2 3 ... 127
  39          //[5]0 1 2 3 ... 127
  40          //[6]0 1 2 3 ... 127
  41          //[7]0 1 2 3 ... 127
  42          void delay_ms(unsigned int ms)
  43          {
  44   1          unsigned int a;
  45   1          while(ms)
  46   1          {
  47   2              a=1800;
  48   2              while(a--);
  49   2              ms--;
  50   2          }
  51   1          return;
  52   1      }
  53          #if OLED_MODE==1
              //向SSD1106写入一个字节。
C51 COMPILER V9.54   OLED                                                                  12/11/2017 20:18:14 PAGE 2   

              //dat:要写入的数据/命令
              //cmd:数据/命令标志 0,表示命令;1,表示数据;
              void OLED_WR_Byte(u8 dat,u8 cmd)
              {
                  DATAOUT(dat);
                  if(cmd)
                      OLED_DC_Set();
                  else
                      OLED_DC_Clr();
                  OLED_CS_Clr();
                  OLED_WR_Clr();
                  OLED_WR_Set();
                  OLED_CS_Set();
                  OLED_DC_Set();
              }
              #else
  71          
  72          //向SSD1306写入一个字节。
  73          //dat:要写入的数据/命令
  74          //cmd:数据/命令标志 0,表示命令;1,表示数据;
  75          void OLED_WR_Byte(u8 dat,u8 cmd)
  76          {
  77   1          u8 i;
  78   1          if(cmd)
  79   1              OLED_DC_Set();
  80   1          else
  81   1              OLED_DC_Clr();
  82   1          OLED_CS_Clr();
  83   1          for(i=0; i<8; i++)
  84   1          {
  85   2              OLED_SCLK_Clr();
  86   2              if(dat&0x80)
  87   2              {
  88   3                  OLED_SDIN_Set();
  89   3              }
  90   2              else
  91   2                  OLED_SDIN_Clr();
  92   2              OLED_SCLK_Set();
  93   2              dat<<=1;
  94   2          }
  95   1          OLED_CS_Set();
  96   1          OLED_DC_Set();
  97   1      }
  98          #endif
  99          void OLED_Set_Pos(unsigned char x, unsigned char y)
 100          {
 101   1          OLED_WR_Byte(0xb0+y,OLED_CMD);
 102   1          OLED_WR_Byte(((x&0xf0)>>4)|0x10,OLED_CMD);
 103   1          OLED_WR_Byte((x&0x0f)|0x01,OLED_CMD);
 104   1      }
 105          //开启OLED显示
 106          void OLED_Display_On(void)
 107          {
 108   1          OLED_WR_Byte(0X8D,OLED_CMD);  //SET DCDC命令
 109   1          OLED_WR_Byte(0X14,OLED_CMD);  //DCDC ON
 110   1          OLED_WR_Byte(0XAF,OLED_CMD);  //DISPLAY ON
 111   1      }
 112          //关闭OLED显示
 113          void OLED_Display_Off(void)
 114          {
 115   1          OLED_WR_Byte(0X8D,OLED_CMD);  //SET DCDC命令
 116   1          OLED_WR_Byte(0X10,OLED_CMD);  //DCDC OFF
C51 COMPILER V9.54   OLED                                                                  12/11/2017 20:18:14 PAGE 3   

 117   1          OLED_WR_Byte(0XAE,OLED_CMD);  //DISPLAY OFF
 118   1      }
 119          //清屏函数,清完屏,整个屏幕是黑色的!和没点亮一样!!!
 120          void OLED_Clear(void)
 121          {
 122   1          u8 i,n;
 123   1          for(i=0; i<8; i++)
 124   1          {
 125   2              OLED_WR_Byte (0xb0+i,OLED_CMD);    //设置页地址（0~7）
 126   2              OLED_WR_Byte (0x00,OLED_CMD);      //设置显示位置—列低地址
 127   2              OLED_WR_Byte (0x10,OLED_CMD);      //设置显示位置—列高地址
 128   2              for(n=0; n<128; n++)OLED_WR_Byte(0,OLED_DATA);
 129   2          } //更新显示
 130   1      }
 131          
 132          
 133          //在指定位置显示一个字符,包括部分字符
 134          //x:0~127
 135          //y:0~63
 136          //mode:0,反白显示;1,正常显示
 137          //size:选择字体 16/12
 138          void OLED_ShowChar(u8 x,u8 y,u8 chr)
 139          {
 140   1          unsigned char c=0,i=0;
 141   1          c=chr-' ';//得到偏移后的值
 142   1          if(x>Max_Column-1)
 143   1          {
 144   2              x=0;
 145   2              y=y+2;
 146   2          }
 147   1          if(SIZE ==16)
 148   1          {
 149   2              OLED_Set_Pos(x,y);
 150   2              for(i=0; i<8; i++)
 151   2                  OLED_WR_Byte(F8X16[c*16+i],OLED_DATA);
 152   2              OLED_Set_Pos(x,y+1);
 153   2              for(i=0; i<8; i++)
 154   2                  OLED_WR_Byte(F8X16[c*16+i+8],OLED_DATA);
 155   2          }
 156   1          else
 157   1          {
 158   2              OLED_Set_Pos(x,y+1);
 159   2              for(i=0; i<6; i++)
 160   2                  OLED_WR_Byte(F6x8[c][i],OLED_DATA);
 161   2      
 162   2          }
 163   1      }
 164          //m^n函数
 165          u32 oled_pow(u8 m,u8 n)
 166          {
 167   1          u32 result=1;
 168   1          while(n--)result*=m;
 169   1          return result;
 170   1      }
 171          //显示2个数字
 172          //x,y :起点坐标
 173          //len :数字的位数
 174          //size:字体大小
 175          //mode:模式 0,填充模式;1,叠加模式
 176          //num:数值(0~4294967295);
 177          void OLED_ShowNum(u8 x,u8 y,u32 num,u8 len,u8 size2)
 178          {
C51 COMPILER V9.54   OLED                                                                  12/11/2017 20:18:14 PAGE 4   

 179   1          u8 t,temp;
 180   1          u8 enshow=0;
 181   1          for(t=0; t<len; t++)
 182   1          {
 183   2              temp=(num/oled_pow(10,len-t-1))%10;
 184   2              if(enshow==0&&t<(len-1))
 185   2              {
 186   3                  if(temp==0)
 187   3                  {
 188   4                      OLED_ShowChar(x+(size2/2)*t,y,' ');
 189   4                      continue;
 190   4                  }
 191   3                  else enshow=1;
 192   3      
 193   3              }
 194   2              OLED_ShowChar(x+(size2/2)*t,y,temp+'0');
 195   2          }
 196   1      }
 197          //显示一个字符号串
 198          void OLED_ShowString(u8 x,u8 y,u8 *chr)
 199          {
 200   1          unsigned char j=0;
 201   1          while (chr[j]!='\0')
 202   1          {
 203   2              OLED_ShowChar(x,y,chr[j]);
 204   2              x+=8;
 205   2              if(x>120)
 206   2              {
 207   3                  x=0;
 208   3                  y+=2;
 209   3              }
 210   2              j++;
 211   2          }
 212   1      }
 213          //显示汉字
 214          void OLED_ShowCHinese(u8 x,u8 y,u8 no)
 215          {
 216   1          u8 t,adder=0;
 217   1          OLED_Set_Pos(x,y);
 218   1          for(t=0; t<16; t++)
 219   1          {
 220   2              OLED_WR_Byte(Hzk[2*no][t],OLED_DATA);
 221   2              adder+=1;
 222   2          }
 223   1          OLED_Set_Pos(x,y+1);
 224   1          for(t=0; t<16; t++)
 225   1          {
 226   2              OLED_WR_Byte(Hzk[2*no+1][t],OLED_DATA);
 227   2              adder+=1;
 228   2          }
 229   1      }
 230          /***********功能描述：显示显示BMP图片128×64起始点坐标(x,y),x的范围0～127，y为页的范围0～7****************
             -*/
 231          void OLED_DrawBMP(unsigned char x0, unsigned char y0,unsigned char x1, unsigned char y1,unsigned char BMP[
             -])
 232          {
 233   1          unsigned int j=0;
 234   1          unsigned char x,y;
 235   1      
 236   1          if(y1%8==0) y=y1/8;
 237   1          else y=y1/8+1;
 238   1          for(y=y0; y<y1; y++)
C51 COMPILER V9.54   OLED                                                                  12/11/2017 20:18:14 PAGE 5   

 239   1          {
 240   2              OLED_Set_Pos(x0,y);
 241   2              for(x=x0; x<x1; x++)
 242   2              {
 243   3                  OLED_WR_Byte(BMP[j++],OLED_DATA);
 244   3              }
 245   2          }
 246   1      }
 247          
 248          
 249          //初始化SSD1306
 250          void OLED_Init(void)
 251          {
 252   1      
 253   1      
 254   1      
 255   1          OLED_RST_Set();
 256   1          delay_ms(100);
 257   1          OLED_RST_Clr();
 258   1          delay_ms(100);
 259   1          OLED_RST_Set();
 260   1          /*
 261   1          OLED_WR_Byte(0xAE,OLED_CMD);//--turn off oled panel
 262   1          OLED_WR_Byte(0x00,OLED_CMD);//---set low column address
 263   1          OLED_WR_Byte(0x10,OLED_CMD);//---set high column address
 264   1          OLED_WR_Byte(0x40,OLED_CMD);//--set start line address  Set Mapping RAM Display Start Line (0x00~0x3F)
 265   1          OLED_WR_Byte(0x81,OLED_CMD);//--set contrast control register
 266   1          OLED_WR_Byte(0xCF,OLED_CMD); // Set SEG Output Current Brightness
 267   1          OLED_WR_Byte(0xA1,OLED_CMD);//--Set SEG/Column Mapping     0xa0左右反置 0xa1正常
 268   1          OLED_WR_Byte(0xC8,OLED_CMD);//Set COM/Row Scan Direction   0xc0上下反置 0xc8正常
 269   1          OLED_WR_Byte(0xA6,OLED_CMD);//--set normal display
 270   1          OLED_WR_Byte(0xA8,OLED_CMD);//--set multiplex ratio(1 to 64)
 271   1          OLED_WR_Byte(0x3f,OLED_CMD);//--1/64 duty
 272   1          OLED_WR_Byte(0xD3,OLED_CMD);//-set display offset Shift Mapping RAM Counter (0x00~0x3F)
 273   1          OLED_WR_Byte(0x00,OLED_CMD);//-not offset
 274   1          OLED_WR_Byte(0xd5,OLED_CMD);//--set display clock divide ratio/oscillator frequency
 275   1          OLED_WR_Byte(0x80,OLED_CMD);//--set divide ratio, Set Clock as 100 Frames/Sec
 276   1          OLED_WR_Byte(0xD9,OLED_CMD);//--set pre-charge period
 277   1          OLED_WR_Byte(0xF1,OLED_CMD);//Set Pre-Charge as 15 Clocks & Discharge as 1 Clock
 278   1          OLED_WR_Byte(0xDA,OLED_CMD);//--set com pins hardware configuration
 279   1          OLED_WR_Byte(0x12,OLED_CMD);
 280   1          OLED_WR_Byte(0xDB,OLED_CMD);//--set vcomh
 281   1          OLED_WR_Byte(0x40,OLED_CMD);//Set VCOM Deselect Level
 282   1          OLED_WR_Byte(0x20,OLED_CMD);//-Set Page Addressing Mode (0x00/0x01/0x02)
 283   1          OLED_WR_Byte(0x02,OLED_CMD);//
 284   1          OLED_WR_Byte(0x8D,OLED_CMD);//--set Charge Pump enable/disable
 285   1          OLED_WR_Byte(0x14,OLED_CMD);//--set(0x10) disable
 286   1          OLED_WR_Byte(0xA4,OLED_CMD);// Disable Entire Display On (0xa4/0xa5)
 287   1          OLED_WR_Byte(0xA6,OLED_CMD);// Disable Inverse Display On (0xa6/a7)
 288   1          OLED_WR_Byte(0xAF,OLED_CMD);//--turn on oled panel
 289   1          */
 290   1      
 291   1          OLED_WR_Byte(0xAE,OLED_CMD);//--turn off oled panel
 292   1          OLED_WR_Byte(0x00,OLED_CMD);//---set low column address
 293   1          OLED_WR_Byte(0x10,OLED_CMD);//---set high column address
 294   1          OLED_WR_Byte(0x40,OLED_CMD);//--set start line address  Set Mapping RAM Display Start Line (0x00~0x3F)
 295   1          OLED_WR_Byte(0x81,OLED_CMD);//--set contrast control register
 296   1          OLED_WR_Byte(0xCF,OLED_CMD); // Set SEG Output Current Brightness
 297   1          OLED_WR_Byte(0xA1,OLED_CMD);//--Set SEG/Column Mapping     0xa0左右反置 0xa1正常
 298   1          OLED_WR_Byte(0xC8,OLED_CMD);//Set COM/Row Scan Direction   0xc0上下反置 0xc8正常
 299   1          OLED_WR_Byte(0xA6,OLED_CMD);//--set normal display
 300   1          OLED_WR_Byte(0xA8,OLED_CMD);//--set multiplex ratio(1 to 64)
C51 COMPILER V9.54   OLED                                                                  12/11/2017 20:18:14 PAGE 6   

 301   1          OLED_WR_Byte(0x3f,OLED_CMD);//--1/64 duty
 302   1          OLED_WR_Byte(0xD3,OLED_CMD);//-set display offset Shift Mapping RAM Counter (0x00~0x3F)
 303   1          OLED_WR_Byte(0x00,OLED_CMD);//-not offset
 304   1          OLED_WR_Byte(0xd5,OLED_CMD);//--set display clock divide ratio/oscillator frequency
 305   1          OLED_WR_Byte(0x80,OLED_CMD);//--set divide ratio, Set Clock as 100 Frames/Sec
 306   1          OLED_WR_Byte(0xD9,OLED_CMD);//--set pre-charge period
 307   1          OLED_WR_Byte(0xF1,OLED_CMD);//Set Pre-Charge as 15 Clocks & Discharge as 1 Clock
 308   1          OLED_WR_Byte(0xDA,OLED_CMD);//--set com pins hardware configuration
 309   1          OLED_WR_Byte(0x12,OLED_CMD);
 310   1          OLED_WR_Byte(0xDB,OLED_CMD);//--set vcomh
 311   1          OLED_WR_Byte(0x40,OLED_CMD);//Set VCOM Deselect Level
 312   1          OLED_WR_Byte(0x20,OLED_CMD);//-Set Page Addressing Mode (0x00/0x01/0x02)
 313   1          OLED_WR_Byte(0x02,OLED_CMD);//
 314   1          OLED_WR_Byte(0x8D,OLED_CMD);//--set Charge Pump enable/disable
 315   1          OLED_WR_Byte(0x14,OLED_CMD);//--set(0x10) disable
 316   1          OLED_WR_Byte(0xA4,OLED_CMD);// Disable Entire Display On (0xa4/0xa5)
 317   1          OLED_WR_Byte(0xA6,OLED_CMD);// Disable Inverse Display On (0xa6/a7)
 318   1          OLED_WR_Byte(0xAF,OLED_CMD);//--turn on oled panel
 319   1      
 320   1          OLED_WR_Byte(0xAF,OLED_CMD); /*display ON*/
 321   1          OLED_Clear();
 322   1          OLED_Set_Pos(0,0);
 323   1      }
 324          
*** WARNING C294 IN LINE 158 OF oled.c: unreachable code


MODULE INFORMATION:   STATIC OVERLAYABLE
   CODE SIZE        =    971    ----
   CONSTANT SIZE    =   3544    ----
   XDATA SIZE       =   ----      27
   PDATA SIZE       =   ----    ----
   DATA SIZE        =   ----    ----
   IDATA SIZE       =   ----    ----
   BIT SIZE         =   ----    ----
END OF MODULE INFORMATION.


C51 COMPILATION COMPLETE.  1 WARNING(S),  0 ERROR(S)
